Archive member included to satisfy reference by file (symbol)

/opt/ST/STM32CubeCLT_1.16.0/GNU-tools-for-STM32/bin/../lib/gcc/arm-none-eabi/12.3.1/../../../../arm-none-eabi/lib/thumb/v7-m/nofp/libc_nano.a(libc_a-exit.o)
                              /opt/ST/STM32CubeCLT_1.16.0/GNU-tools-for-STM32/bin/../lib/gcc/arm-none-eabi/12.3.1/../../../../arm-none-eabi/lib/thumb/v7-m/nofp/crt0.o (exit)
/opt/ST/STM32CubeCLT_1.16.0/GNU-tools-for-STM32/bin/../lib/gcc/arm-none-eabi/12.3.1/../../../../arm-none-eabi/lib/thumb/v7-m/nofp/libc_nano.a(libc_a-findfp.o)
                              /opt/ST/STM32CubeCLT_1.16.0/GNU-tools-for-STM32/bin/../lib/gcc/arm-none-eabi/12.3.1/../../../../arm-none-eabi/lib/thumb/v7-m/nofp/libc_nano.a(libc_a-exit.o) (__stdio_exit_handler)
/opt/ST/STM32CubeCLT_1.16.0/GNU-tools-for-STM32/bin/../lib/gcc/arm-none-eabi/12.3.1/../../../../arm-none-eabi/lib/thumb/v7-m/nofp/libc_nano.a(libc_a-fwalk.o)
                              /opt/ST/STM32CubeCLT_1.16.0/GNU-tools-for-STM32/bin/../lib/gcc/arm-none-eabi/12.3.1/../../../../arm-none-eabi/lib/thumb/v7-m/nofp/libc_nano.a(libc_a-findfp.o) (_fwalk_sglue)
/opt/ST/STM32CubeCLT_1.16.0/GNU-tools-for-STM32/bin/../lib/gcc/arm-none-eabi/12.3.1/../../../../arm-none-eabi/lib/thumb/v7-m/nofp/libc_nano.a(libc_a-memset.o)
                              /opt/ST/STM32CubeCLT_1.16.0/GNU-tools-for-STM32/bin/../lib/gcc/arm-none-eabi/12.3.1/../../../../arm-none-eabi/lib/thumb/v7-m/nofp/crt0.o (memset)
/opt/ST/STM32CubeCLT_1.16.0/GNU-tools-for-STM32/bin/../lib/gcc/arm-none-eabi/12.3.1/../../../../arm-none-eabi/lib/thumb/v7-m/nofp/libc_nano.a(libc_a-impure.o)
                              /opt/ST/STM32CubeCLT_1.16.0/GNU-tools-for-STM32/bin/../lib/gcc/arm-none-eabi/12.3.1/../../../../arm-none-eabi/lib/thumb/v7-m/nofp/libc_nano.a(libc_a-findfp.o) (_impure_data)
/opt/ST/STM32CubeCLT_1.16.0/GNU-tools-for-STM32/bin/../lib/gcc/arm-none-eabi/12.3.1/../../../../arm-none-eabi/lib/thumb/v7-m/nofp/libc_nano.a(libc_a-init.o)
                              /opt/ST/STM32CubeCLT_1.16.0/GNU-tools-for-STM32/bin/../lib/gcc/arm-none-eabi/12.3.1/../../../../arm-none-eabi/lib/thumb/v7-m/nofp/crt0.o (__libc_init_array)
/opt/ST/STM32CubeCLT_1.16.0/GNU-tools-for-STM32/bin/../lib/gcc/arm-none-eabi/12.3.1/../../../../arm-none-eabi/lib/thumb/v7-m/nofp/libc_nano.a(libc_a-lock.o)
                              /opt/ST/STM32CubeCLT_1.16.0/GNU-tools-for-STM32/bin/../lib/gcc/arm-none-eabi/12.3.1/../../../../arm-none-eabi/lib/thumb/v7-m/nofp/libc_nano.a(libc_a-findfp.o) (__retarget_lock_init_recursive)
/opt/ST/STM32CubeCLT_1.16.0/GNU-tools-for-STM32/bin/../lib/gcc/arm-none-eabi/12.3.1/../../../../arm-none-eabi/lib/thumb/v7-m/nofp/libc_nano.a(libc_a-mallocr.o)
                              /opt/ST/STM32CubeCLT_1.16.0/GNU-tools-for-STM32/bin/../lib/gcc/arm-none-eabi/12.3.1/../../../../arm-none-eabi/lib/thumb/v7-m/nofp/libc_nano.a(libc_a-findfp.o) (_malloc_r)
/opt/ST/STM32CubeCLT_1.16.0/GNU-tools-for-STM32/bin/../lib/gcc/arm-none-eabi/12.3.1/../../../../arm-none-eabi/lib/thumb/v7-m/nofp/libc_nano.a(libc_a-fflush.o)
                              /opt/ST/STM32CubeCLT_1.16.0/GNU-tools-for-STM32/bin/../lib/gcc/arm-none-eabi/12.3.1/../../../../arm-none-eabi/lib/thumb/v7-m/nofp/libc_nano.a(libc_a-findfp.o) (_fflush_r)
/opt/ST/STM32CubeCLT_1.16.0/GNU-tools-for-STM32/bin/../lib/gcc/arm-none-eabi/12.3.1/../../../../arm-none-eabi/lib/thumb/v7-m/nofp/libc_nano.a(libc_a-mlock.o)
                              /opt/ST/STM32CubeCLT_1.16.0/GNU-tools-for-STM32/bin/../lib/gcc/arm-none-eabi/12.3.1/../../../../arm-none-eabi/lib/thumb/v7-m/nofp/libc_nano.a(libc_a-mallocr.o) (__malloc_lock)
/opt/ST/STM32CubeCLT_1.16.0/GNU-tools-for-STM32/bin/../lib/gcc/arm-none-eabi/12.3.1/../../../../arm-none-eabi/lib/thumb/v7-m/nofp/libc_nano.a(libc_a-stdio.o)
                              /opt/ST/STM32CubeCLT_1.16.0/GNU-tools-for-STM32/bin/../lib/gcc/arm-none-eabi/12.3.1/../../../../arm-none-eabi/lib/thumb/v7-m/nofp/libc_nano.a(libc_a-findfp.o) (__sread)
/opt/ST/STM32CubeCLT_1.16.0/GNU-tools-for-STM32/bin/../lib/gcc/arm-none-eabi/12.3.1/../../../../arm-none-eabi/lib/thumb/v7-m/nofp/libc_nano.a(libc_a-closer.o)
                              /opt/ST/STM32CubeCLT_1.16.0/GNU-tools-for-STM32/bin/../lib/gcc/arm-none-eabi/12.3.1/../../../../arm-none-eabi/lib/thumb/v7-m/nofp/libc_nano.a(libc_a-stdio.o) (_close_r)
/opt/ST/STM32CubeCLT_1.16.0/GNU-tools-for-STM32/bin/../lib/gcc/arm-none-eabi/12.3.1/../../../../arm-none-eabi/lib/thumb/v7-m/nofp/libc_nano.a(libc_a-reent.o)
                              /opt/ST/STM32CubeCLT_1.16.0/GNU-tools-for-STM32/bin/../lib/gcc/arm-none-eabi/12.3.1/../../../../arm-none-eabi/lib/thumb/v7-m/nofp/libc_nano.a(libc_a-closer.o) (errno)
/opt/ST/STM32CubeCLT_1.16.0/GNU-tools-for-STM32/bin/../lib/gcc/arm-none-eabi/12.3.1/../../../../arm-none-eabi/lib/thumb/v7-m/nofp/libc_nano.a(libc_a-lseekr.o)
[...]
Memory Configuration

Name             Origin             Length             Attributes
RAM              0x20000000         0x00005000         xrw
FLASH            0x08000000         0x00010000         xr
*default*        0x00000000         0xffffffff

Linker script and memory map

LOAD /opt/ST/STM32CubeCLT_1.16.0/GNU-tools-for-STM32/bin/../lib/gcc/arm-none-eabi/12.3.1/thumb/v7-m/nofp/crti.o
LOAD /opt/ST/STM32CubeCLT_1.16.0/GNU-tools-for-STM32/bin/../lib/gcc/arm-none-eabi/12.3.1/thumb/v7-m/nofp/crtbegin.o
LOAD /opt/ST/STM32CubeCLT_1.16.0/GNU-tools-for-STM32/bin/../lib/gcc/arm-none-eabi/12.3.1/../../../../arm-none-eabi/lib/thumb/v7-m/nofp/crt0.o
START GROUP
LOAD /opt/ST/STM32CubeCLT_1.16.0/GNU-tools-for-STM32/bin/../lib/gcc/arm-none-eabi/12.3.1/../../../../arm-none-eabi/lib/thumb/v7-m/nofp/libc_nano.a
LOAD /opt/ST/STM32CubeCLT_1.16.0/GNU-tools-for-STM32/bin/../lib/gcc/arm-none-eabi/12.3.1/../../../../arm-none-eabi/lib/thumb/v7-m/nofp/libm.a
END GROUP
LOAD CMakeFiles/canpill_test.dir/Core/Src/main.c.obj
LOAD CMakeFiles/canpill_test.dir/Core/Src/stm32f1xx_it.c.obj
LOAD CMakeFiles/canpill_test.dir/Core/Src/stm32f1xx_hal_msp.c.obj
LOAD CMakeFiles/canpill_test.dir/Drivers/STM32F1xx_HAL_Driver/Src/stm32f1xx_hal_gpio_ex.c.obj
LOAD CMakeFiles/canpill_test.dir/Drivers/STM32F1xx_HAL_Driver/Src/stm32f1xx_hal_tim.c.obj
LOAD CMakeFiles/canpill_test.dir/Drivers/STM32F1xx_HAL_Driver/Src/stm32f1xx_hal_tim_ex.c.obj
LOAD CMakeFiles/canpill_test.dir/Drivers/STM32F1xx_HAL_Driver/Src/stm32f1xx_hal.c.obj
LOAD CMakeFiles/canpill_test.dir/Drivers/STM32F1xx_HAL_Driver/Src/stm32f1xx_hal_rcc.c.obj
LOAD CMakeFiles/canpill_test.dir/Drivers/STM32F1xx_HAL_Driver/Src/stm32f1xx_hal_rcc_ex.c.obj
LOAD CMakeFiles/canpill_test.dir/Drivers/STM32F1xx_HAL_Driver/Src/stm32f1xx_hal_gpio.c.obj
LOAD CMakeFiles/canpill_test.dir/Drivers/STM32F1xx_HAL_Driver/Src/stm32f1xx_hal_dma.c.obj
LOAD CMakeFiles/canpill_test.dir/Drivers/STM32F1xx_HAL_Driver/Src/stm32f1xx_hal_cortex.c.obj
LOAD CMakeFiles/canpill_test.dir/Drivers/STM32F1xx_HAL_Driver/Src/stm32f1xx_hal_pwr.c.obj
LOAD CMakeFiles/canpill_test.dir/Drivers/STM32F1xx_HAL_Driver/Src/stm32f1xx_hal_flash.c.obj
LOAD CMakeFiles/canpill_test.dir/Drivers/STM32F1xx_HAL_Driver/Src/stm32f1xx_hal_flash_ex.c.obj
LOAD CMakeFiles/canpill_test.dir/Drivers/STM32F1xx_HAL_Driver/Src/stm32f1xx_hal_exti.c.obj
LOAD CMakeFiles/canpill_test.dir/Core/Src/system_stm32f1xx.c.obj
LOAD CMakeFiles/canpill_test.dir/Core/Src/sysmem.c.obj
LOAD CMakeFiles/canpill_test.dir/Core/Src/syscalls.c.obj
LOAD CMakeFiles/canpill_test.dir/startup_stm32f103xb.s.obj
START GROUP
LOAD /opt/ST/STM32CubeCLT_1.16.0/GNU-tools-for-STM32/bin/../lib/gcc/arm-none-eabi/12.3.1/thumb/v7-m/nofp/libgcc.a
LOAD /opt/ST/STM32CubeCLT_1.16.0/GNU-tools-for-STM32/bin/../lib/gcc/arm-none-eabi/12.3.1/../../../../arm-none-eabi/lib/thumb/v7-m/nofp/libg_nano.a
LOAD /opt/ST/STM32CubeCLT_1.16.0/GNU-tools-for-STM32/bin/../lib/gcc/arm-none-eabi/12.3.1/../../../../arm-none-eabi/lib/thumb/v7-m/nofp/libc_nano.a
END GROUP
START GROUP
LOAD /opt/ST/STM32CubeCLT_1.16.0/GNU-tools-for-STM32/bin/../lib/gcc/arm-none-eabi/12.3.1/thumb/v7-m/nofp/libgcc.a
LOAD /opt/ST/STM32CubeCLT_1.16.0/GNU-tools-for-STM32/bin/../lib/gcc/arm-none-eabi/12.3.1/../../../../arm-none-eabi/lib/thumb/v7-m/nofp/libc_nano.a
END GROUP
LOAD /opt/ST/STM32CubeCLT_1.16.0/GNU-tools-for-STM32/bin/../lib/gcc/arm-none-eabi/12.3.1/thumb/v7-m/nofp/crtend.o
LOAD /opt/ST/STM32CubeCLT_1.16.0/GNU-tools-for-STM32/bin/../lib/gcc/arm-none-eabi/12.3.1/thumb/v7-m/nofp/crtn.o
                0x20005000                        _estack = (ORIGIN (RAM) + LENGTH (RAM))
                0x00000200                        _Min_Heap_Size = 0x200
                0x00000400                        _Min_Stack_Size = 0x400

.isr_vector     0x08000000      0x10c
                0x08000000                        . = ALIGN (0x4)
 *(.isr_vector)
 .isr_vector    0x08000000      0x10c CMakeFiles/canpill_test.dir/startup_stm32f103xb.s.obj
                0x08000000                g_pfnVectors
                0x0800010c                        . = ALIGN (0x4)

.text           0x0800010c     0x112c
                0x0800010c                        . = ALIGN (0x4)
 *(.text)
 .text          0x0800010c       0x40 /opt/ST/STM32CubeCLT_1.16.0/GNU-tools-for-STM32/bin/../lib/gcc/arm-none-eabi/12.3.1/thumb/v7-m/nofp/crtbegin.o
 *(.text*)
 .text.memset   0x0800014c       0x10 /opt/ST/STM32CubeCLT_1.16.0/GNU-tools-for-STM32/bin/../lib/gcc/arm-none-eabi/12.3.1/../../../../arm-none-eabi/lib/thumb/v7-m/nofp/libc_nano.a(libc_a-memset.o)
                0x0800014c                memset
 .text.__libc_init_array
                0x0800015c       0x48 /opt/ST/STM32CubeCLT_1.16.0/GNU-tools-for-STM32/bin/../lib/gcc/arm-none-eabi/12.3.1/../../../../arm-none-eabi/lib/thumb/v7-m/nofp/libc_nano.a(libc_a-init.o)
                0x0800015c                __libc_init_array
 .text.main     0x080001a4       0x38 CMakeFiles/canpill_test.dir/Core/Src/main.c.obj
                0x080001a4                main
 .text.SystemClock_Config
                0x080001dc       0x8c CMakeFiles/canpill_test.dir/Core/Src/main.c.obj
                0x080001dc                SystemClock_Config
 .text.MX_GPIO_Init
                0x08000268       0x98 CMakeFiles/canpill_test.dir/Core/Src/main.c.obj
 .text.Error_Handler
                0x08000300        0xc CMakeFiles/canpill_test.dir/Core/Src/main.c.obj
                0x08000300                Error_Handler
 .text.NMI_Handler
                0x0800030c        0x8 CMakeFiles/canpill_test.dir/Core/Src/stm32f1xx_it.c.obj
                0x0800030c                NMI_Handler
 .text.HardFault_Handler
                0x08000314        0x8 CMakeFiles/canpill_test.dir/Core/Src/stm32f1xx_it.c.obj
                0x08000314                HardFault_Handler
 .text.MemManage_Handler
                0x0800031c        0x8 CMakeFiles/canpill_test.dir/Core/Src/stm32f1xx_it.c.obj
                0x0800031c                MemManage_Handler
 .text.BusFault_Handler
                0x08000324        0x8 CMakeFiles/canpill_test.dir/Core/Src/stm32f1xx_it.c.obj
                0x08000324                BusFault_Handler
 .text.UsageFault_Handler
                0x0800032c        0x8 CMakeFiles/canpill_test.dir/Core/Src/stm32f1xx_it.c.obj
                0x0800032c                UsageFault_Handler
 .text.SVC_Handler
                0x08000334        0xc CMakeFiles/canpill_test.dir/Core/Src/stm32f1xx_it.c.obj
                0x08000334                SVC_Handler
 .text.DebugMon_Handler
                0x08000340        0xc CMakeFiles/canpill_test.dir/Core/Src/stm32f1xx_it.c.obj
                0x08000340                DebugMon_Handler
 .text.PendSV_Handler
                0x0800034c        0xc CMakeFiles/canpill_test.dir/Core/Src/stm32f1xx_it.c.obj
                0x0800034c                PendSV_Handler
 .text.SysTick_Handler
                0x08000358        0xc CMakeFiles/canpill_test.dir/Core/Src/stm32f1xx_it.c.obj
                0x08000358                SysTick_Handler
 .text.HAL_MspInit
                0x08000364       0x64 CMakeFiles/canpill_test.dir/Core/Src/stm32f1xx_hal_msp.c.obj
                0x08000364                HAL_MspInit
 .text.HAL_Init
                0x080003c8       0x2c CMakeFiles/canpill_test.dir/Drivers/STM32F1xx_HAL_Driver/Src/stm32f1xx_hal.c.obj
                0x080003c8                HAL_Init
 .text.HAL_InitTick
                0x080003f4       0x60 CMakeFiles/canpill_test.dir/Drivers/STM32F1xx_HAL_Driver/Src/stm32f1xx_hal.c.obj
                0x080003f4                HAL_InitTick
 .text.HAL_IncTick
                0x08000454       0x24 CMakeFiles/canpill_test.dir/Drivers/STM32F1xx_HAL_Driver/Src/stm32f1xx_hal.c.obj
                0x08000454                HAL_IncTick
 .text.HAL_GetTick
                0x08000478       0x14 CMakeFiles/canpill_test.dir/Drivers/STM32F1xx_HAL_Driver/Src/stm32f1xx_hal.c.obj
                0x08000478                HAL_GetTick
 .text.HAL_Delay
                0x0800048c       0x48 CMakeFiles/canpill_test.dir/Drivers/STM32F1xx_HAL_Driver/Src/stm32f1xx_hal.c.obj
                0x0800048c                HAL_Delay
 .text.HAL_RCC_OscConfig
                0x080004d4      0x504 CMakeFiles/canpill_test.dir/Drivers/STM32F1xx_HAL_Driver/Src/stm32f1xx_hal_rcc.c.obj
                0x080004d4                HAL_RCC_OscConfig
 .text.HAL_RCC_ClockConfig
                0x080009d8      0x1d4 CMakeFiles/canpill_test.dir/Drivers/STM32F1xx_HAL_Driver/Src/stm32f1xx_hal_rcc.c.obj
                0x080009d8                HAL_RCC_ClockConfig
 .text.HAL_RCC_GetSysClockFreq
                0x08000bac       0xac CMakeFiles/canpill_test.dir/Drivers/STM32F1xx_HAL_Driver/Src/stm32f1xx_hal_rcc.c.obj
                0x08000bac                HAL_RCC_GetSysClockFreq
 .text.RCC_Delay
                0x08000c58       0x3c CMakeFiles/canpill_test.dir/Drivers/STM32F1xx_HAL_Driver/Src/stm32f1xx_hal_rcc.c.obj
 .text.HAL_GPIO_Init
                0x08000c94      0x308 CMakeFiles/canpill_test.dir/Drivers/STM32F1xx_HAL_Driver/Src/stm32f1xx_hal_gpio.c.obj
                0x08000c94                HAL_GPIO_Init
 .text.HAL_GPIO_WritePin
                0x08000f9c       0x30 CMakeFiles/canpill_test.dir/Drivers/STM32F1xx_HAL_Driver/Src/stm32f1xx_hal_gpio.c.obj
                0x08000f9c                HAL_GPIO_WritePin
 .text.HAL_GPIO_TogglePin
                0x08000fcc       0x32 CMakeFiles/canpill_test.dir/Drivers/STM32F1xx_HAL_Driver/Src/stm32f1xx_hal_gpio.c.obj
                0x08000fcc                HAL_GPIO_TogglePin
 *fill*         0x08000ffe        0x2 
 .text.__NVIC_SetPriorityGrouping
                0x08001000       0x48 CMakeFiles/canpill_test.dir/Drivers/STM32F1xx_HAL_Driver/Src/stm32f1xx_hal_cortex.c.obj
 .text.__NVIC_GetPriorityGrouping
                0x08001048       0x1c CMakeFiles/canpill_test.dir/Drivers/STM32F1xx_HAL_Driver/Src/stm32f1xx_hal_cortex.c.obj
 .text.__NVIC_SetPriority
                0x08001064       0x54 CMakeFiles/canpill_test.dir/Drivers/STM32F1xx_HAL_Driver/Src/stm32f1xx_hal_cortex.c.obj
 .text.NVIC_EncodePriority
                0x080010b8       0x64 CMakeFiles/canpill_test.dir/Drivers/STM32F1xx_HAL_Driver/Src/stm32f1xx_hal_cortex.c.obj
 .text.SysTick_Config
                0x0800111c       0x44 CMakeFiles/canpill_test.dir/Drivers/STM32F1xx_HAL_Driver/Src/stm32f1xx_hal_cortex.c.obj
 .text.HAL_NVIC_SetPriorityGrouping
                0x08001160       0x16 CMakeFiles/canpill_test.dir/Drivers/STM32F1xx_HAL_Driver/Src/stm32f1xx_hal_cortex.c.obj
                0x08001160                HAL_NVIC_SetPriorityGrouping
 .text.HAL_NVIC_SetPriority
                0x08001176       0x38 CMakeFiles/canpill_test.dir/Drivers/STM32F1xx_HAL_Driver/Src/stm32f1xx_hal_cortex.c.obj
                0x08001176                HAL_NVIC_SetPriority
 .text.HAL_SYSTICK_Config
                0x080011ae       0x18 CMakeFiles/canpill_test.dir/Drivers/STM32F1xx_HAL_Driver/Src/stm32f1xx_hal_cortex.c.obj
                0x080011ae                HAL_SYSTICK_Config
 .text.SystemInit
                0x080011c6        0xc CMakeFiles/canpill_test.dir/Core/Src/system_stm32f1xx.c.obj
                0x080011c6                SystemInit
 *fill*         0x080011d2        0x2 
 .text.Reset_Handler
                0x080011d4       0x48 CMakeFiles/canpill_test.dir/startup_stm32f103xb.s.obj
                0x080011d4                Reset_Handler
 .text.Default_Handler
                0x0800121c        0x2 CMakeFiles/canpill_test.dir/startup_stm32f103xb.s.obj
                0x0800121c                USBWakeUp_IRQHandler
                0x0800121c                EXTI2_IRQHandler
                0x0800121c                TIM1_CC_IRQHandler
                0x0800121c                PVD_IRQHandler
                0x0800121c                EXTI3_IRQHandler
                0x0800121c                EXTI0_IRQHandler
                0x0800121c                I2C2_EV_IRQHandler
                0x0800121c                ADC1_2_IRQHandler
                0x0800121c                SPI1_IRQHandler
                0x0800121c                TAMPER_IRQHandler
                0x0800121c                DMA1_Channel4_IRQHandler
                0x0800121c                USART3_IRQHandler
                0x0800121c                RTC_IRQHandler
                0x0800121c                DMA1_Channel7_IRQHandler
                0x0800121c                CAN1_RX1_IRQHandler
                0x0800121c                TIM4_IRQHandler
                0x0800121c                I2C1_EV_IRQHandler
                0x0800121c                DMA1_Channel6_IRQHandler
                0x0800121c                TIM3_IRQHandler
                0x0800121c                RCC_IRQHandler
                0x0800121c                TIM1_TRG_COM_IRQHandler
                0x0800121c                DMA1_Channel1_IRQHandler
                0x0800121c                Default_Handler
                0x0800121c                EXTI15_10_IRQHandler
                0x0800121c                EXTI9_5_IRQHandler
                0x0800121c                SPI2_IRQHandler
                0x0800121c                DMA1_Channel5_IRQHandler
                0x0800121c                EXTI4_IRQHandler
                0x0800121c                USB_LP_CAN1_RX0_IRQHandler
                0x0800121c                USB_HP_CAN1_TX_IRQHandler
                0x0800121c                DMA1_Channel3_IRQHandler
                0x0800121c                TIM1_UP_IRQHandler
                0x0800121c                WWDG_IRQHandler
                0x0800121c                TIM2_IRQHandler
                0x0800121c                TIM1_BRK_IRQHandler
                0x0800121c                EXTI1_IRQHandler
                0x0800121c                USART2_IRQHandler
                0x0800121c                I2C2_ER_IRQHandler
                0x0800121c                DMA1_Channel2_IRQHandler
                0x0800121c                CAN1_SCE_IRQHandler
                0x0800121c                FLASH_IRQHandler
                0x0800121c                USART1_IRQHandler
                0x0800121c                I2C1_ER_IRQHandler
                0x0800121c                RTC_Alarm_IRQHandler
 *(.glue_7)
 .glue_7        0x0800121e        0x0 linker stubs
 *(.glue_7t)
 .glue_7t       0x0800121e        0x0 linker stubs
 *(.eh_frame)
 *fill*         0x0800121e        0x2 
 .eh_frame      0x08001220        0x0 /opt/ST/STM32CubeCLT_1.16.0/GNU-tools-for-STM32/bin/../lib/gcc/arm-none-eabi/12.3.1/thumb/v7-m/nofp/crtbegin.o
 *(.init)
 .init          0x08001220        0x4 /opt/ST/STM32CubeCLT_1.16.0/GNU-tools-for-STM32/bin/../lib/gcc/arm-none-eabi/12.3.1/thumb/v7-m/nofp/crti.o
                0x08001220                _init
 .init          0x08001224        0x8 /opt/ST/STM32CubeCLT_1.16.0/GNU-tools-for-STM32/bin/../lib/gcc/arm-none-eabi/12.3.1/thumb/v7-m/nofp/crtn.o
 *(.fini)
 .fini          0x0800122c        0x4 /opt/ST/STM32CubeCLT_1.16.0/GNU-tools-for-STM32/bin/../lib/gcc/arm-none-eabi/12.3.1/thumb/v7-m/nofp/crti.o
                0x0800122c                _fini
 .fini          0x08001230        0x8 /opt/ST/STM32CubeCLT_1.16.0/GNU-tools-for-STM32/bin/../lib/gcc/arm-none-eabi/12.3.1/thumb/v7-m/nofp/crtn.o
                0x08001238                        . = ALIGN (0x4)
                0x08001238                        _etext = .

.vfp11_veneer   0x08001238        0x0
 .vfp11_veneer  0x08001238        0x0 linker stubs

.v4_bx          0x08001238        0x0
 .v4_bx         0x08001238        0x0 linker stubs

.iplt           0x08001238        0x0
 .iplt          0x08001238        0x0 /opt/ST/STM32CubeCLT_1.16.0/GNU-tools-for-STM32/bin/../lib/gcc/arm-none-eabi/12.3.1/thumb/v7-m/nofp/crtbegin.o

.rodata         0x08001238       0x24
                0x08001238                        . = ALIGN (0x4)
 *(.rodata)
 *(.rodata*)
 .rodata.aPLLMULFactorTable.1
                0x08001238       0x10 CMakeFiles/canpill_test.dir/Drivers/STM32F1xx_HAL_Driver/Src/stm32f1xx_hal_rcc.c.obj
 .rodata.aPredivFactorTable.0
                0x08001248        0x2 CMakeFiles/canpill_test.dir/Drivers/STM32F1xx_HAL_Driver/Src/stm32f1xx_hal_rcc.c.obj
 *fill*         0x0800124a        0x2 
 .rodata.AHBPrescTable
                0x0800124c       0x10 CMakeFiles/canpill_test.dir/Core/Src/system_stm32f1xx.c.obj
                0x0800124c                AHBPrescTable
                0x0800125c                        . = ALIGN (0x4)

.rel.dyn        0x0800125c        0x0
 .rel.iplt      0x0800125c        0x0 /opt/ST/STM32CubeCLT_1.16.0/GNU-tools-for-STM32/bin/../lib/gcc/arm-none-eabi/12.3.1/thumb/v7-m/nofp/crtbegin.o

.ARM.extab
 *(.ARM.extab* .gnu.linkonce.armextab.*)

.ARM            0x0800125c        0x0
                0x0800125c                        __exidx_start = .
 *(.ARM.exidx*)
                0x0800125c                        __exidx_end = .

.preinit_array  0x0800125c        0x0
                0x0800125c                        PROVIDE (__preinit_array_start = .)
 *(.preinit_array*)
                0x0800125c                        PROVIDE (__preinit_array_end = .)

.init_array     0x0800125c        0x4
                0x0800125c                        PROVIDE (__init_array_start = .)
 *(SORT_BY_NAME(.init_array.*))
 *(.init_array*)
 .init_array    0x0800125c        0x4 /opt/ST/STM32CubeCLT_1.16.0/GNU-tools-for-STM32/bin/../lib/gcc/arm-none-eabi/12.3.1/thumb/v7-m/nofp/crtbegin.o
                0x08001260                        PROVIDE (__init_array_end = .)

.fini_array     0x08001260        0x4
                [!provide]                        PROVIDE (__fini_array_start = .)
 *(SORT_BY_NAME(.fini_array.*))
 *(.fini_array*)
 .fini_array    0x08001260        0x4 /opt/ST/STM32CubeCLT_1.16.0/GNU-tools-for-STM32/bin/../lib/gcc/arm-none-eabi/12.3.1/thumb/v7-m/nofp/crtbegin.o
                [!provide]                        PROVIDE (__fini_array_end = .)
                0x08001264                        _sidata = LOADADDR (.data)

.data           0x20000000        0xc load address 0x08001264
                0x20000000                        . = ALIGN (0x4)
                0x20000000                        _sdata = .
 *(.data)
 *(.data*)
 .data.uwTickPrio
                0x20000000        0x4 CMakeFiles/canpill_test.dir/Drivers/STM32F1xx_HAL_Driver/Src/stm32f1xx_hal.c.obj
                0x20000000                uwTickPrio
 .data.uwTickFreq
                0x20000004        0x1 CMakeFiles/canpill_test.dir/Drivers/STM32F1xx_HAL_Driver/Src/stm32f1xx_hal.c.obj
                0x20000004                uwTickFreq
 *fill*         0x20000005        0x3 
 .data.SystemCoreClock
                0x20000008        0x4 CMakeFiles/canpill_test.dir/Core/Src/system_stm32f1xx.c.obj
                0x20000008                SystemCoreClock
                0x2000000c                        . = ALIGN (0x4)
                0x2000000c                        _edata = .

.igot.plt       0x2000000c        0x0 load address 0x08001270
 .igot.plt      0x2000000c        0x0 /opt/ST/STM32CubeCLT_1.16.0/GNU-tools-for-STM32/bin/../lib/gcc/arm-none-eabi/12.3.1/thumb/v7-m/nofp/crtbegin.o
                0x2000000c                        . = ALIGN (0x4)

.bss            0x2000000c       0x20 load address 0x08001270
                0x2000000c                        _sbss = .
                0x2000000c                        __bss_start__ = _sbss
 *(.bss)
 .bss           0x2000000c       0x1c /opt/ST/STM32CubeCLT_1.16.0/GNU-tools-for-STM32/bin/../lib/gcc/arm-none-eabi/12.3.1/thumb/v7-m/nofp/crtbegin.o
 *(.bss*)
 .bss.uwTick    0x20000028        0x4 CMakeFiles/canpill_test.dir/Drivers/STM32F1xx_HAL_Driver/Src/stm32f1xx_hal.c.obj
                0x20000028                uwTick
 *(COMMON)
                0x2000002c                        . = ALIGN (0x4)
                0x2000002c                        _ebss = .
                0x2000002c                        __bss_end__ = _ebss

._user_heap_stack
                0x2000002c      0x604 load address 0x08001270
                0x20000030                        . = ALIGN (0x8)
 *fill*         0x2000002c        0x4 
                [!provide]                        PROVIDE (end = .)
                0x20000030                        PROVIDE (_end = .)
                0x20000230                        . = (. + _Min_Heap_Size)
 *fill*         0x20000030      0x200 
                0x20000630                        . = (. + _Min_Stack_Size)
 *fill*         0x20000230      0x400 
                0x20000630                        . = ALIGN (0x8)

/DISCARD/
 libc.a(*)
 libm.a(*)
 libgcc.a(*)

.ARM.attributes
                0x00000000       0x29
 *(.ARM.attributes)
 .ARM.attributes
                0x00000000       0x1d /opt/ST/STM32CubeCLT_1.16.0/GNU-tools-for-STM32/bin/../lib/gcc/arm-none-eabi/12.3.1/thumb/v7-m/nofp/crti.o
 .ARM.attributes
                0x0000001d       0x2d /opt/ST/STM32CubeCLT_1.16.0/GNU-tools-for-STM32/bin/../lib/gcc/arm-none-eabi/12.3.1/thumb/v7-m/nofp/crtbegin.o
 .ARM.attributes
                0x0000004a       0x2d /opt/ST/STM32CubeCLT_1.16.0/GNU-tools-for-STM32/bin/../lib/gcc/arm-none-eabi/12.3.1/../../../../arm-none-eabi/lib/thumb/v7-m/nofp/libc_nano.a(libc_a-memset.o)
 .ARM.attributes
                0x00000077       0x2d /opt/ST/STM32CubeCLT_1.16.0/GNU-tools-for-STM32/bin/../lib/gcc/arm-none-eabi/12.3.1/../../../../arm-none-eabi/lib/thumb/v7-m/nofp/libc_nano.a(libc_a-init.o)
 .ARM.attributes
                0x000000a4       0x2d CMakeFiles/canpill_test.dir/Core/Src/main.c.obj
 .ARM.attributes
                0x000000d1       0x2d CMakeFiles/canpill_test.dir/Core/Src/stm32f1xx_it.c.obj
 .ARM.attributes
                0x000000fe       0x2d CMakeFiles/canpill_test.dir/Core/Src/stm32f1xx_hal_msp.c.obj
 .ARM.attributes
                0x0000012b       0x2d CMakeFiles/canpill_test.dir/Drivers/STM32F1xx_HAL_Driver/Src/stm32f1xx_hal.c.obj
 .ARM.attributes
                0x00000158       0x2d CMakeFiles/canpill_test.dir/Drivers/STM32F1xx_HAL_Driver/Src/stm32f1xx_hal_rcc.c.obj
 .ARM.attributes
                0x00000185       0x2d CMakeFiles/canpill_test.dir/Drivers/STM32F1xx_HAL_Driver/Src/stm32f1xx_hal_gpio.c.obj
 .ARM.attributes
                0x000001b2       0x2d CMakeFiles/canpill_test.dir/Drivers/STM32F1xx_HAL_Driver/Src/stm32f1xx_hal_cortex.c.obj
 .ARM.attributes
                0x000001df       0x2d CMakeFiles/canpill_test.dir/Core/Src/system_stm32f1xx.c.obj
 .ARM.attributes
                0x0000020c       0x21 CMakeFiles/canpill_test.dir/startup_stm32f103xb.s.obj
 .ARM.attributes
                0x0000022d       0x1d /opt/ST/STM32CubeCLT_1.16.0/GNU-tools-for-STM32/bin/../lib/gcc/arm-none-eabi/12.3.1/thumb/v7-m/nofp/crtn.o
OUTPUT(canpill_test.elf elf32-littlearm)
LOAD linker stubs
LOAD /opt/ST/STM32CubeCLT_1.16.0/GNU-tools-for-STM32/bin/../lib/gcc/arm-none-eabi/12.3.1/../../../../arm-none-eabi/lib/thumb/v7-m/nofp/libc.a
LOAD /opt/ST/STM32CubeCLT_1.16.0/GNU-tools-for-STM32/bin/../lib/gcc/arm-none-eabi/12.3.1/../../../../arm-none-eabi/lib/thumb/v7-m/nofp/libm.a
LOAD /opt/ST/STM32CubeCLT_1.16.0/GNU-tools-for-STM32/bin/../lib/gcc/arm-none-eabi/12.3.1/thumb/v7-m/nofp/libgcc.a

.debug_frame    0x00000000      0xd2c
 .debug_frame   0x00000000       0x20 /opt/ST/STM32CubeCLT_1.16.0/GNU-tools-for-STM32/bin/../lib/gcc/arm-none-eabi/12.3.1/../../../../arm-none-eabi/lib/thumb/v7-m/nofp/libc_nano.a(libc_a-memset.o)
 .debug_frame   0x00000020       0x2c /opt/ST/STM32CubeCLT_1.16.0/GNU-tools-for-STM32/bin/../lib/gcc/arm-none-eabi/12.3.1/../../../../arm-none-eabi/lib/thumb/v7-m/nofp/libc_nano.a(libc_a-init.o)
 .debug_frame   0x0000004c       0x8c CMakeFiles/canpill_test.dir/Core/Src/main.c.obj
 .debug_frame   0x000000d8      0x104 CMakeFiles/canpill_test.dir/Core/Src/stm32f1xx_it.c.obj
 .debug_frame   0x000001dc       0x38 CMakeFiles/canpill_test.dir/Core/Src/stm32f1xx_hal_msp.c.obj
 .debug_frame   0x00000214      0x334 CMakeFiles/canpill_test.dir/Drivers/STM32F1xx_HAL_Driver/Src/stm32f1xx_hal.c.obj
 .debug_frame   0x00000548      0x218 CMakeFiles/canpill_test.dir/Drivers/STM32F1xx_HAL_Driver/Src/stm32f1xx_hal_rcc.c.obj
 .debug_frame   0x00000760      0x14c CMakeFiles/canpill_test.dir/Drivers/STM32F1xx_HAL_Driver/Src/stm32f1xx_hal_gpio.c.obj
 .debug_frame   0x000008ac      0x428 CMakeFiles/canpill_test.dir/Drivers/STM32F1xx_HAL_Driver/Src/stm32f1xx_hal_cortex.c.obj
 .debug_frame   0x00000cd4       0x58 CMakeFiles/canpill_test.dir/Core/Src/system_stm32f1xx.c.obj

.debug_info     0x00000000     0x2936
 .debug_info    0x00000000      0x4d5 CMakeFiles/canpill_test.dir/Core/Src/main.c.obj
 .debug_info    0x000004d5      0x113 CMakeFiles/canpill_test.dir/Core/Src/stm32f1xx_it.c.obj
 .debug_info    0x000005e8      0x1f1 CMakeFiles/canpill_test.dir/Core/Src/stm32f1xx_hal_msp.c.obj
 .debug_info    0x000007d9      0x704 CMakeFiles/canpill_test.dir/Drivers/STM32F1xx_HAL_Driver/Src/stm32f1xx_hal.c.obj
 .debug_info    0x00000edd      0x7d5 CMakeFiles/canpill_test.dir/Drivers/STM32F1xx_HAL_Driver/Src/stm32f1xx_hal_rcc.c.obj
 .debug_info    0x000016b2      0x5ab CMakeFiles/canpill_test.dir/Drivers/STM32F1xx_HAL_Driver/Src/stm32f1xx_hal_gpio.c.obj
 .debug_info    0x00001c5d      0xa87 CMakeFiles/canpill_test.dir/Drivers/STM32F1xx_HAL_Driver/Src/stm32f1xx_hal_cortex.c.obj
 .debug_info    0x000026e4      0x222 CMakeFiles/canpill_test.dir/Core/Src/system_stm32f1xx.c.obj
 .debug_info    0x00002906       0x30 CMakeFiles/canpill_test.dir/startup_stm32f103xb.s.obj

.debug_abbrev   0x00000000      0xe1e
 .debug_abbrev  0x00000000      0x1f7 CMakeFiles/canpill_test.dir/Core/Src/main.c.obj
 .debug_abbrev  0x000001f7       0x73 CMakeFiles/canpill_test.dir/Core/Src/stm32f1xx_it.c.obj
 .debug_abbrev  0x0000026a       0xdb CMakeFiles/canpill_test.dir/Core/Src/stm32f1xx_hal_msp.c.obj
 .debug_abbrev  0x00000345      0x201 CMakeFiles/canpill_test.dir/Drivers/STM32F1xx_HAL_Driver/Src/stm32f1xx_hal.c.obj
 .debug_abbrev  0x00000546      0x2b3 CMakeFiles/canpill_test.dir/Drivers/STM32F1xx_HAL_Driver/Src/stm32f1xx_hal_rcc.c.obj
 .debug_abbrev  0x000007f9      0x1ca CMakeFiles/canpill_test.dir/Drivers/STM32F1xx_HAL_Driver/Src/stm32f1xx_hal_gpio.c.obj
 .debug_abbrev  0x000009c3      0x2f8 CMakeFiles/canpill_test.dir/Drivers/STM32F1xx_HAL_Driver/Src/stm32f1xx_hal_cortex.c.obj
 .debug_abbrev  0x00000cbb      0x13f CMakeFiles/canpill_test.dir/Core/Src/system_stm32f1xx.c.obj
 .debug_abbrev  0x00000dfa       0x24 CMakeFiles/canpill_test.dir/startup_stm32f103xb.s.obj

.debug_aranges  0x00000000      0x3d0
 .debug_aranges
                0x00000000       0x38 CMakeFiles/canpill_test.dir/Core/Src/main.c.obj
 .debug_aranges
                0x00000038       0x60 CMakeFiles/canpill_test.dir/Core/Src/stm32f1xx_it.c.obj
 .debug_aranges
                0x00000098       0x20 CMakeFiles/canpill_test.dir/Core/Src/stm32f1xx_hal_msp.c.obj
 .debug_aranges
                0x000000b8       0xe0 CMakeFiles/canpill_test.dir/Drivers/STM32F1xx_HAL_Driver/Src/stm32f1xx_hal.c.obj
 .debug_aranges
                0x00000198       0x90 CMakeFiles/canpill_test.dir/Drivers/STM32F1xx_HAL_Driver/Src/stm32f1xx_hal_rcc.c.obj
 .debug_aranges
                0x00000228       0x58 CMakeFiles/canpill_test.dir/Drivers/STM32F1xx_HAL_Driver/Src/stm32f1xx_hal_gpio.c.obj
 .debug_aranges
                0x00000280      0x100 CMakeFiles/canpill_test.dir/Drivers/STM32F1xx_HAL_Driver/Src/stm32f1xx_hal_cortex.c.obj
 .debug_aranges
                0x00000380       0x28 CMakeFiles/canpill_test.dir/Core/Src/system_stm32f1xx.c.obj
 .debug_aranges
                0x000003a8       0x28 CMakeFiles/canpill_test.dir/startup_stm32f103xb.s.obj

.debug_rnglists
                0x00000000      0x2b9
 .debug_rnglists
                0x00000000       0x27 CMakeFiles/canpill_test.dir/Core/Src/main.c.obj
 .debug_rnglists
                0x00000027       0x43 CMakeFiles/canpill_test.dir/Core/Src/stm32f1xx_it.c.obj
 .debug_rnglists
                0x0000006a       0x13 CMakeFiles/canpill_test.dir/Core/Src/stm32f1xx_hal_msp.c.obj
 .debug_rnglists
                0x0000007d       0xa3 CMakeFiles/canpill_test.dir/Drivers/STM32F1xx_HAL_Driver/Src/stm32f1xx_hal.c.obj
 .debug_rnglists
                0x00000120       0x6c CMakeFiles/canpill_test.dir/Drivers/STM32F1xx_HAL_Driver/Src/stm32f1xx_hal_rcc.c.obj
 .debug_rnglists
                0x0000018c       0x3f CMakeFiles/canpill_test.dir/Drivers/STM32F1xx_HAL_Driver/Src/stm32f1xx_hal_gpio.c.obj
 .debug_rnglists
                0x000001cb       0xbb CMakeFiles/canpill_test.dir/Drivers/STM32F1xx_HAL_Driver/Src/stm32f1xx_hal_cortex.c.obj
 .debug_rnglists
                0x00000286       0x1a CMakeFiles/canpill_test.dir/Core/Src/system_stm32f1xx.c.obj
 .debug_rnglists
                0x000002a0       0x19 CMakeFiles/canpill_test.dir/startup_stm32f103xb.s.obj

.debug_macro    0x00000000    0x15918
 .debug_macro   0x00000000      0x18e CMakeFiles/canpill_test.dir/Core/Src/main.c.obj
 .debug_macro   0x0000018e      0xaa8 CMakeFiles/canpill_test.dir/Core/Src/main.c.obj
 .debug_macro   0x00000c36      0x20f CMakeFiles/canpill_test.dir/Core/Src/main.c.obj
 .debug_macro   0x00000e45       0x2e CMakeFiles/canpill_test.dir/Core/Src/main.c.obj
 .debug_macro   0x00000e73       0x22 CMakeFiles/canpill_test.dir/Core/Src/main.c.obj
 .debug_macro   0x00000e95       0x22 CMakeFiles/canpill_test.dir/Core/Src/main.c.obj
 .debug_macro   0x00000eb7       0x8e CMakeFiles/canpill_test.dir/Core/Src/main.c.obj
 .debug_macro   0x00000f45       0x51 CMakeFiles/canpill_test.dir/Core/Src/main.c.obj
 .debug_macro   0x00000f96      0x103 CMakeFiles/canpill_test.dir/Core/Src/main.c.obj
 .debug_macro   0x00001099       0x6a CMakeFiles/canpill_test.dir/Core/Src/main.c.obj
 .debug_macro   0x00001103      0x1df CMakeFiles/canpill_test.dir/Core/Src/main.c.obj
 .debug_macro   0x000012e2       0x1c CMakeFiles/canpill_test.dir/Core/Src/main.c.obj
 .debug_macro   0x000012fe       0x22 CMakeFiles/canpill_test.dir/Core/Src/main.c.obj
 .debug_macro   0x00001320       0xbd CMakeFiles/canpill_test.dir/Core/Src/main.c.obj
 .debug_macro   0x000013dd      0xd23 CMakeFiles/canpill_test.dir/Core/Src/main.c.obj
 .debug_macro   0x00002100     0xe09e CMakeFiles/canpill_test.dir/Core/Src/main.c.obj
 .debug_macro   0x0001019e       0x6d CMakeFiles/canpill_test.dir/Core/Src/main.c.obj
 .debug_macro   0x0001020b     0x348d CMakeFiles/canpill_test.dir/Core/Src/main.c.obj
 .debug_macro   0x00013698      0x189 CMakeFiles/canpill_test.dir/Core/Src/main.c.obj
 .debug_macro   0x00013821       0x5c CMakeFiles/canpill_test.dir/Core/Src/main.c.obj
 .debug_macro   0x0001387d      0x5bc CMakeFiles/canpill_test.dir/Core/Src/main.c.obj
 .debug_macro   0x00013e39      0x289 CMakeFiles/canpill_test.dir/Core/Src/main.c.obj
 .debug_macro   0x000140c2      0x1cb CMakeFiles/canpill_test.dir/Core/Src/main.c.obj
 .debug_macro   0x0001428d      0x114 CMakeFiles/canpill_test.dir/Core/Src/main.c.obj
 .debug_macro   0x000143a1      0x1b2 CMakeFiles/canpill_test.dir/Core/Src/main.c.obj
 .debug_macro   0x00014553       0x27 CMakeFiles/canpill_test.dir/Core/Src/main.c.obj
 .debug_macro   0x0001457a      0x136 CMakeFiles/canpill_test.dir/Core/Src/main.c.obj
 .debug_macro   0x000146b0      0x1bc CMakeFiles/canpill_test.dir/Core/Src/main.c.obj
 .debug_macro   0x0001486c       0x34 CMakeFiles/canpill_test.dir/Core/Src/main.c.obj
 .debug_macro   0x000148a0       0x3c CMakeFiles/canpill_test.dir/Core/Src/main.c.obj
 .debug_macro   0x000148dc       0x57 CMakeFiles/canpill_test.dir/Core/Src/main.c.obj
 .debug_macro   0x00014933       0x87 CMakeFiles/canpill_test.dir/Core/Src/main.c.obj
 .debug_macro   0x000149ba      0x240 CMakeFiles/canpill_test.dir/Core/Src/main.c.obj
 .debug_macro   0x00014bfa      0x140 CMakeFiles/canpill_test.dir/Core/Src/main.c.obj
 .debug_macro   0x00014d3a       0x83 CMakeFiles/canpill_test.dir/Core/Src/main.c.obj
 .debug_macro   0x00014dbd      0x198 CMakeFiles/canpill_test.dir/Core/Src/stm32f1xx_it.c.obj
 .debug_macro   0x00014f55      0x18e CMakeFiles/canpill_test.dir/Core/Src/stm32f1xx_hal_msp.c.obj
 .debug_macro   0x000150e3      0x1a8 CMakeFiles/canpill_test.dir/Drivers/STM32F1xx_HAL_Driver/Src/stm32f1xx_hal.c.obj
 .debug_macro   0x0001528b      0x196 CMakeFiles/canpill_test.dir/Drivers/STM32F1xx_HAL_Driver/Src/stm32f1xx_hal_rcc.c.obj
 .debug_macro   0x00015421      0x1ef CMakeFiles/canpill_test.dir/Drivers/STM32F1xx_HAL_Driver/Src/stm32f1xx_hal_gpio.c.obj
 .debug_macro   0x00015610      0x184 CMakeFiles/canpill_test.dir/Drivers/STM32F1xx_HAL_Driver/Src/stm32f1xx_hal_cortex.c.obj
 .debug_macro   0x00015794      0x184 CMakeFiles/canpill_test.dir/Core/Src/system_stm32f1xx.c.obj

.debug_line     0x00000000     0x49bf
 .debug_line    0x00000000      0x769 CMakeFiles/canpill_test.dir/Core/Src/main.c.obj
 .debug_line    0x00000769      0x787 CMakeFiles/canpill_test.dir/Core/Src/stm32f1xx_it.c.obj
 .debug_line    0x00000ef0      0x6c6 CMakeFiles/canpill_test.dir/Core/Src/stm32f1xx_hal_msp.c.obj
 .debug_line    0x000015b6      0x970 CMakeFiles/canpill_test.dir/Drivers/STM32F1xx_HAL_Driver/Src/stm32f1xx_hal.c.obj
 .debug_line    0x00001f26      0xd79 CMakeFiles/canpill_test.dir/Drivers/STM32F1xx_HAL_Driver/Src/stm32f1xx_hal_rcc.c.obj
 .debug_line    0x00002c9f      0xa09 CMakeFiles/canpill_test.dir/Drivers/STM32F1xx_HAL_Driver/Src/stm32f1xx_hal_gpio.c.obj
 .debug_line    0x000036a8      0xb5c CMakeFiles/canpill_test.dir/Drivers/STM32F1xx_HAL_Driver/Src/stm32f1xx_hal_cortex.c.obj
 .debug_line    0x00004204      0x743 CMakeFiles/canpill_test.dir/Core/Src/system_stm32f1xx.c.obj
 .debug_line    0x00004947       0x78 CMakeFiles/canpill_test.dir/startup_stm32f103xb.s.obj

.debug_str      0x00000000    0x7be13
 .debug_str     0x00000000    0x7ac15 CMakeFiles/canpill_test.dir/Core/Src/main.c.obj
                              0x7af41 (size before relaxing)
 .debug_str     0x0007ac15      0x113 CMakeFiles/canpill_test.dir/Core/Src/stm32f1xx_it.c.obj
                              0x7ad22 (size before relaxing)
 .debug_str     0x0007ad28       0xa4 CMakeFiles/canpill_test.dir/Core/Src/stm32f1xx_hal_msp.c.obj
                              0x7ad0d (size before relaxing)
 .debug_str     0x0007adcc      0x661 CMakeFiles/canpill_test.dir/Drivers/STM32F1xx_HAL_Driver/Src/stm32f1xx_hal.c.obj
                              0x7b46b (size before relaxing)
 .debug_str     0x0007b42d      0x299 CMakeFiles/canpill_test.dir/Drivers/STM32F1xx_HAL_Driver/Src/stm32f1xx_hal_rcc.c.obj
                              0x7b167 (size before relaxing)
 .debug_str     0x0007b6c6      0x32d CMakeFiles/canpill_test.dir/Drivers/STM32F1xx_HAL_Driver/Src/stm32f1xx_hal_gpio.c.obj
                              0x7b0be (size before relaxing)
 .debug_str     0x0007b9f3      0x305 CMakeFiles/canpill_test.dir/Drivers/STM32F1xx_HAL_Driver/Src/stm32f1xx_hal_cortex.c.obj
                              0x7b3b7 (size before relaxing)
 .debug_str     0x0007bcf8       0x9c CMakeFiles/canpill_test.dir/Core/Src/system_stm32f1xx.c.obj
                              0x7ad38 (size before relaxing)
 .debug_str     0x0007bd94       0x7f CMakeFiles/canpill_test.dir/startup_stm32f103xb.s.obj
                                 0xd8 (size before relaxing)

.comment        0x00000000       0x43
 .comment       0x00000000       0x43 CMakeFiles/canpill_test.dir/Core/Src/main.c.obj
                                 0x44 (size before relaxing)
 .comment       0x00000043       0x44 CMakeFiles/canpill_test.dir/Core/Src/stm32f1xx_it.c.obj
 .comment       0x00000043       0x44 CMakeFiles/canpill_test.dir/Core/Src/stm32f1xx_hal_msp.c.obj
 .comment       0x00000043       0x44 CMakeFiles/canpill_test.dir/Drivers/STM32F1xx_HAL_Driver/Src/stm32f1xx_hal.c.obj
 .comment       0x00000043       0x44 CMakeFiles/canpill_test.dir/Drivers/STM32F1xx_HAL_Driver/Src/stm32f1xx_hal_rcc.c.obj
 .comment       0x00000043       0x44 CMakeFiles/canpill_test.dir/Drivers/STM32F1xx_HAL_Driver/Src/stm32f1xx_hal_gpio.c.obj
 .comment       0x00000043       0x44 CMakeFiles/canpill_test.dir/Drivers/STM32F1xx_HAL_Driver/Src/stm32f1xx_hal_cortex.c.obj
 .comment       0x00000043       0x44 CMakeFiles/canpill_test.dir/Core/Src/system_stm32f1xx.c.obj

.debug_line_str
                0x00000000       0xbc
 .debug_line_str
                0x00000000       0xbc CMakeFiles/canpill_test.dir/startup_stm32f103xb.s.obj
